{
  "comment": "Raw data as returned by yfinance for AAPL - 2 days sample",
  "ticker": "AAPL",
  "data": [
    {
      "Date": "2024-01-15",
      "Open": 185.25,
      "High": 186.80,
      "Low": 184.50,
      "Close": 185.92,
      "Adj Close": 185.75,
      "Volume": 65284300
    },
    {
      "Date": "2024-01-16",
      "Open": 186.10,
      "High": 187.45,
      "Low": 185.80,
      "Close": 187.11,
      "Adj Close": 186.94,
      "Volume": 58414500
    }
  ]
}
